[INFO] Scanning for projects...
[INFO] 
[INFO] ---------------------< com.skillsync:user-service >---------------------
[INFO] Building User Service 1.0.0
[INFO]   from pom.xml
[INFO] --------------------------------[ jar ]---------------------------------
[INFO] 
[INFO] --- resources:3.3.1:resources (default-resources) @ user-service ---
[INFO] Copying 1 resource from src\main\resources to target\classes
[INFO] Copying 0 resource from src\main\resources to target\classes
[INFO] 
[INFO] --- compiler:3.11.0:compile (default-compile) @ user-service ---
[INFO] Nothing to compile - all classes are up to date
[INFO] 
[INFO] --- resources:3.3.1:testResources (default-testResources) @ user-service ---
[INFO] skip non existing resourceDirectory E:\SKILL_SYNC-SPRING\user-service\src\test\resources
[INFO] 
[INFO] --- compiler:3.11.0:testCompile (default-testCompile) @ user-service ---
[INFO] Nothing to compile - all classes are up to date
[INFO] 
[INFO] --- surefire:3.1.2:test (default-test) @ user-service ---
[INFO] Using auto detected provider org.apache.maven.surefire.junitplatform.JUnitPlatformProvider
[INFO] 
[INFO] -------------------------------------------------------
[INFO]  T E S T S
[INFO] -------------------------------------------------------
[INFO] Running com.skillsync.user.service.UserServiceTest
mvn : WARNING: A Java 
agent has been loaded 
dynamically (C:\Users\HP\.
m2\repository\net\bytebudd
y\byte-buddy-agent\1.14.13
\byte-buddy-agent-1.14.13.
jar)
At line:1 char:1
+ mvn test -pl 
user-service 
-Dtest=UserServiceTest > 
test_output.txt 2> ...
+ ~~~~~~~~~~~~~~~~~~~~~~~~
~~~~~~~~~~~~~~~~~~~~~~~~~~
~~~~~~~~~~~~~~~~~~~
    + CategoryInfo        
      : NotSpecified: (W  
  ARNING: A Java...nt-1   
 .14.13.jar):String) [    
], RemoteException
    + FullyQualifiedError 
   Id : NativeCommandErr  
  or
 
WARNING: If a 
serviceability tool is in 
use, please run with -XX:+
EnableDynamicAgentLoading 
to hide this warning
WARNING: If a 
serviceability tool is 
not in use, please run 
with -Djdk.instrument.trac
eUsage for more 
information
WARNING: Dynamic loading 
of agents will be 
disallowed by default in 
a future release
OpenJDK 64-Bit Server VM 
warning: Sharing is only 
supported for boot loader 
classes because bootstrap 
classpath has been 
appended
[ERROR] Tests run: 3, Failures: 0, Errors: 3, Skipped: 0, Time elapsed: 2.095 s <<< FAILURE! -- in com.skillsync.user.service.UserServiceTest
[ERROR] com.skillsync.user.service.UserServiceTest.getProfile_ShouldReturnProfile_WhenIdExists -- Time elapsed: 1.949 s <<< ERROR!
java.lang.Error: 
Unresolved compilation problem: 
	The method builder() is undefined for the type UserProfileRequest

	at com.skillsync.user.service.UserServiceTest.setUp(UserServiceTest.java:41)
	at java.base/java.lang.reflect.Method.invoke(Method.java:580)
	at java.base/java.util.ArrayList.forEach(ArrayList.java:1596)
	at java.base/java.util.ArrayList.forEach(ArrayList.java:1596)

[ERROR] com.skillsync.user.service.UserServiceTest.getProfile_ShouldThrowException_WhenIdDoesNotExist -- Time elapsed: 0.041 s <<< ERROR!
java.lang.Error: 
Unresolved compilation problem: 
	The method builder() is undefined for the type UserProfileRequest

	at com.skillsync.user.service.UserServiceTest.setUp(UserServiceTest.java:41)
	at java.base/java.lang.reflect.Method.invoke(Method.java:580)
	at java.base/java.util.ArrayList.forEach(ArrayList.java:1596)
	at java.base/java.util.ArrayList.forEach(ArrayList.java:1596)

[ERROR] com.skillsync.user.service.UserServiceTest.createProfile_ShouldSaveProfile_WhenUserIdIsNew -- Time elapsed: 0.029 s <<< ERROR!
java.lang.Error: 
Unresolved compilation problem: 
	The method builder() is undefined for the type UserProfileRequest

	at com.skillsync.user.service.UserServiceTest.setUp(UserServiceTest.java:41)
	at java.base/java.lang.reflect.Method.invoke(Method.java:580)
	at java.base/java.util.ArrayList.forEach(ArrayList.java:1596)
	at java.base/java.util.ArrayList.forEach(ArrayList.java:1596)

[INFO] 
[INFO] Results:
[INFO] 
[ERROR] Errors: 
[ERROR]   UserServiceTest.setUp:41  Unresolved compilation problem: 
	The method builder() is undefined for the type UserProfileRequest

[ERROR]   UserServiceTest.setUp:41  Unresolved compilation problem: 
	The method builder() is undefined for the type UserProfileRequest

[ERROR]   UserServiceTest.setUp:41  Unresolved compilation problem: 
	The method builder() is undefined for the type UserProfileRequest

[INFO] 
[ERROR] Tests run: 3, Failures: 0, Errors: 3, Skipped: 0
[INFO] 
[INFO] ------------------------------------------------------------------------
[INFO] BUILD FAILURE
[INFO] ------------------------------------------------------------------------
[INFO] Total time:  7.277 s
[INFO] Finished at: 2026-03-28T14:53:14+05:30
[INFO] ------------------------------------------------------------------------
[ERROR] Failed to execute goal org.apache.maven.plugins:maven-surefire-plugin:3.1.2:test (default-test) on project user-service: 
[ERROR] 
[ERROR] Please refer to E:\SKILL_SYNC-SPRING\user-service\target\surefire-reports for the individual test results.
[ERROR] Please refer to dump files (if any exist) [date].dump, [date]-jvmRun[N].dump and [date].dumpstream.
[ERROR] -> [Help 1]
[ERROR] 
[ERROR] To see the full stack trace of the errors, re-run Maven with the -e switch.
[ERROR] Re-run Maven using the -X switch to enable full debug logging.
[ERROR] 
[ERROR] For more information about the errors and possible solutions, please read the following articles:
[ERROR] [Help 1] http://cwiki.apache.org/confluence/display/MAVEN/MojoFailureException
